// Jest Snapshot v1, https://goo.gl/fbAQLP

exports[`renders without crashing 1`] = `
<div
  className="flex justify-between min-h-screen"
>
  <aside
    className="px-4 my-4"
  >
    <svg
      className="fill-current w-4 h-4 cursor-pointer text-grey"
      onClick={[Function]}
      viewBox="0 0 20 20"
      xmlns="http://www.w3.org/2000/svg"
    >
      <path
        d="M0 3h20v2H0V3zm0 6h20v2H0V9zm0 6h20v2H0v-2z"
      />
    </svg>
  </aside>
  <div
    className="flex-grow my-4"
    style={
      Object {
        "opacity": 1,
      }
    }
  >
    <main
      className="-pl-12 container mx-auto"
    />
  </div>
</div>
`;
