// Jest Snapshot v1, https://goo.gl/fbAQLP

exports[`StatusIcon renders correctly 1`] = `
<img
  alt=""
  src="failed.svg"
  title="Failed"
/>
`;
